04-27 12:54:44.025 12501 12532 I TestRunner: started: order_reset_after_cancel_from_accompaniment_menu(com.example.lunchtray.OrderFunctionalityTests)
04-27 12:54:44.059 12501 12501 D LifecycleMonitor: Lifecycle status change: androidx.fragment.app.testing.FragmentScenario$EmptyFragmentActivity@994412f in: DESTROYED
04-27 12:54:44.061 12501 12501 V ActivityScenario: Update currentActivityStage to DESTROYED, currentActivity=null
04-27 12:54:44.072   583  2024 W InputManager-JNI: Input channel object 'd010f94 com.example.lunchtray/androidx.fragment.app.testing.FragmentScenario$EmptyFragmentActivity (client)' was disposed without first being removed with the input manager!
04-27 12:54:44.416 12501 12532 W Settings: Setting always_finish_activities has moved from android.provider.Settings.System to android.provider.Settings.Global, returning read-only value.
04-27 12:54:44.564  1019  1083 D SplashScreenView: Build android.window.SplashScreenView{646c648 V.E...... ......ID 0,0-0,0}
04-27 12:54:44.564  1019  1083 D SplashScreenView: Icon: view: null drawable: null size: 0
04-27 12:54:44.564  1019  1083 D SplashScreenView: Branding: view: android.view.View{3c8ce1 G.ED..... ......I. 0,0-0,0 #10204a6 android:id/splashscreen_branding_view} drawable: null size w: 0 h: 0
04-27 12:54:44.600 12501 12501 D LifecycleMonitor: Lifecycle status change: androidx.test.core.app.InstrumentationActivityInvoker$BootstrapActivity@b89b250 in: PRE_ON_CREATE
04-27 12:54:44.604 12501 12501 V ActivityScenario: Activity lifecycle changed event received but ignored because the intent does not match. startActivityIntent=Intent { act=android.intent.action.MAIN cat=[android.intent.category.LAUNCHER] cmp=com.example.lunchtray/androidx.fragment.app.testing.FragmentScenario$EmptyFragmentActivity (has extras) }, activity.getIntent()=Intent { act=android.intent.action.MAIN cat=[android.intent.category.LAUNCHER] flg=0x10008000 cmp=com.example.lunchtray/androidx.test.core.app.InstrumentationActivityInvoker$BootstrapActivity (has extras) }, activity=androidx.test.core.app.InstrumentationActivityInvoker$BootstrapActivity@b89b250
04-27 12:54:44.607 12501 12501 V ActivityScenario: Activity lifecycle changed event received but ignored because the intent does not match. startActivityIntent=Intent { act=android.intent.action.MAIN cat=[android.intent.category.LAUNCHER] cmp=com.example.lunchtray/.MainActivity }, activity.getIntent()=Intent { act=android.intent.action.MAIN cat=[android.intent.category.LAUNCHER] flg=0x10008000 cmp=com.example.lunchtray/androidx.test.core.app.InstrumentationActivityInvoker$BootstrapActivity (has extras) }, activity=androidx.test.core.app.InstrumentationActivityInvoker$BootstrapActivity@b89b250
04-27 12:54:44.623   366   409 D goldfish-address-space: claimShared: Ask to claim region [0x3f5094000 0x3f5a38000]
04-27 12:54:44.654  2124  2124 I GsaVoiceInteractionSrv: Handling ACTION_STOP_HOTWORD
04-27 12:54:44.655  2124  2124 E HwDetectorWithState: a: 3
04-27 12:54:44.678   366   409 D goldfish-address-space: claimShared: Ask to claim region [0x3f654a000 0x3f6eee000]
04-27 12:54:44.694 12501 12501 D LifecycleMonitor: Lifecycle status change: androidx.test.core.app.InstrumentationActivityInvoker$BootstrapActivity@b89b250 in: CREATED
04-27 12:54:44.702 12501 12501 V ActivityScenario: Activity lifecycle changed event received but ignored because the intent does not match. startActivityIntent=Intent { act=android.intent.action.MAIN cat=[android.intent.category.LAUNCHER] cmp=com.example.lunchtray/androidx.fragment.app.testing.FragmentScenario$EmptyFragmentActivity (has extras) }, activity.getIntent()=Intent { act=android.intent.action.MAIN cat=[android.intent.category.LAUNCHER] flg=0x10008000 cmp=com.example.lunchtray/androidx.test.core.app.InstrumentationActivityInvoker$BootstrapActivity (has extras) }, activity=androidx.test.core.app.InstrumentationActivityInvoker$BootstrapActivity@b89b250
04-27 12:54:44.713 12501 12501 V ActivityScenario: Activity lifecycle changed event received but ignored because the intent does not match. startActivityIntent=Intent { act=android.intent.action.MAIN cat=[android.intent.category.LAUNCHER] cmp=com.example.lunchtray/.MainActivity }, activity.getIntent()=Intent { act=android.intent.action.MAIN cat=[android.intent.category.LAUNCHER] flg=0x10008000 cmp=com.example.lunchtray/androidx.test.core.app.InstrumentationActivityInvoker$BootstrapActivity (has extras) }, activity=androidx.test.core.app.InstrumentationActivityInvoker$BootstrapActivity@b89b250
04-27 12:54:44.714   366   409 D goldfish-address-space: claimShared: Ask to claim region [0x3f6eee000 0x3f7892000]
04-27 12:54:44.737 12501 12501 D LifecycleMonitor: Lifecycle status change: androidx.test.core.app.InstrumentationActivityInvoker$BootstrapActivity@b89b250 in: STARTED
04-27 12:54:44.742  1328  2594 D EGL_emulation: app_time_stats: avg=278.88ms min=15.54ms max=919.00ms count=6
04-27 12:54:44.745 12501 12501 V ActivityScenario: Activity lifecycle changed event received but ignored because the intent does not match. startActivityIntent=Intent { act=android.intent.action.MAIN cat=[android.intent.category.LAUNCHER] cmp=com.example.lunchtray/androidx.fragment.app.testing.FragmentScenario$EmptyFragmentActivity (has extras) }, activity.getIntent()=Intent { act=android.intent.action.MAIN cat=[android.intent.category.LAUNCHER] flg=0x10008000 cmp=com.example.lunchtray/androidx.test.core.app.InstrumentationActivityInvoker$BootstrapActivity (has extras) }, activity=androidx.test.core.app.InstrumentationActivityInvoker$BootstrapActivity@b89b250
04-27 12:54:44.752 12501 12501 V ActivityScenario: Activity lifecycle changed event received but ignored because the intent does not match. startActivityIntent=Intent { act=android.intent.action.MAIN cat=[android.intent.category.LAUNCHER] cmp=com.example.lunchtray/.MainActivity }, activity.getIntent()=Intent { act=android.intent.action.MAIN cat=[android.intent.category.LAUNCHER] flg=0x10008000 cmp=com.example.lunchtray/androidx.test.core.app.InstrumentationActivityInvoker$BootstrapActivity (has extras) }, activity=androidx.test.core.app.InstrumentationActivityInvoker$BootstrapActivity@b89b250
04-27 12:54:44.924 12501 12501 D LifecycleMonitor: Lifecycle status change: androidx.test.core.app.InstrumentationActivityInvoker$BootstrapActivity@b89b250 in: RESUMED
04-27 12:54:44.927 12501 12501 V ActivityScenario: Activity lifecycle changed event received but ignored because the intent does not match. startActivityIntent=Intent { act=android.intent.action.MAIN cat=[android.intent.category.LAUNCHER] cmp=com.example.lunchtray/androidx.fragment.app.testing.FragmentScenario$EmptyFragmentActivity (has extras) }, activity.getIntent()=Intent { act=android.intent.action.MAIN cat=[android.intent.category.LAUNCHER] flg=0x10008000 cmp=com.example.lunchtray/androidx.test.core.app.InstrumentationActivityInvoker$BootstrapActivity (has extras) }, activity=androidx.test.core.app.InstrumentationActivityInvoker$BootstrapActivity@b89b250
04-27 12:54:44.933 12501 12501 V ActivityScenario: Activity lifecycle changed event received but ignored because the intent does not match. startActivityIntent=Intent { act=android.intent.action.MAIN cat=[android.intent.category.LAUNCHER] cmp=com.example.lunchtray/.MainActivity }, activity.getIntent()=Intent { act=android.intent.action.MAIN cat=[android.intent.category.LAUNCHER] flg=0x10008000 cmp=com.example.lunchtray/androidx.test.core.app.InstrumentationActivityInvoker$BootstrapActivity (has extras) }, activity=androidx.test.core.app.InstrumentationActivityInvoker$BootstrapActivity@b89b250
04-27 12:54:44.993 12501 12501 D LifecycleMonitor: Lifecycle status change: androidx.test.core.app.InstrumentationActivityInvoker$BootstrapActivity@b89b250 in: PAUSED
04-27 12:54:44.998 12501 12501 V ActivityScenario: Activity lifecycle changed event received but ignored because the intent does not match. startActivityIntent=Intent { act=android.intent.action.MAIN cat=[android.intent.category.LAUNCHER] cmp=com.example.lunchtray/androidx.fragment.app.testing.FragmentScenario$EmptyFragmentActivity (has extras) }, activity.getIntent()=Intent { act=android.intent.action.MAIN cat=[android.intent.category.LAUNCHER] flg=0x10008000 cmp=com.example.lunchtray/androidx.test.core.app.InstrumentationActivityInvoker$BootstrapActivity (has extras) }, activity=androidx.test.core.app.InstrumentationActivityInvoker$BootstrapActivity@b89b250
04-27 12:54:45.008 12501 12501 V ActivityScenario: Activity lifecycle changed event received but ignored because the intent does not match. startActivityIntent=Intent { act=android.intent.action.MAIN cat=[android.intent.category.LAUNCHER] cmp=com.example.lunchtray/.MainActivity }, activity.getIntent()=Intent { act=android.intent.action.MAIN cat=[android.intent.category.LAUNCHER] flg=0x10008000 cmp=com.example.lunchtray/androidx.test.core.app.InstrumentationActivityInvoker$BootstrapActivity (has extras) }, activity=androidx.test.core.app.InstrumentationActivityInvoker$BootstrapActivity@b89b250
04-27 12:54:45.141  1019  1093 D EGL_emulation: app_time_stats: avg=738.74ms min=47.09ms max=1928.64ms count=3
04-27 12:54:45.144  2317  2317 I A       : onApplyWindowInsets: systemWindowInsets=Insets{left=0, top=145, right=0, bottom=132}
04-27 12:54:45.157  2317  2317 I A       : onApplyWindowInsets: Adjusting for display cutouts. Safe insets: left=0, top=136, right=0, bottom=0
04-27 12:54:45.165  2317  2317 I A       : onApplyWindowInsets: systemWindowInsets=Insets{left=0, top=145, right=0, bottom=132}
04-27 12:54:45.471 12501 12501 D LifecycleMonitor: Lifecycle status change: com.example.lunchtray.MainActivity@dc44426 in: PRE_ON_CREATE
04-27 12:54:45.475 12501 12501 V ActivityScenario: Activity lifecycle changed event received but ignored because the intent does not match. startActivityIntent=Intent { act=android.intent.action.MAIN cat=[android.intent.category.LAUNCHER] cmp=com.example.lunchtray/androidx.fragment.app.testing.FragmentScenario$EmptyFragmentActivity (has extras) }, activity.getIntent()=Intent { act=android.intent.action.MAIN cat=[android.intent.category.LAUNCHER] cmp=com.example.lunchtray/.MainActivity }, activity=com.example.lunchtray.MainActivity@dc44426
04-27 12:54:45.477 12501 12501 V ActivityScenario: Activity lifecycle changed event received but ignored because the reported transition was not ON_CREATE while the last known transition was PRE_ON_CREATE
04-27 12:54:46.182  1019  1093 D EGL_emulation: app_time_stats: avg=25.61ms min=4.29ms max=62.12ms count=33
04-27 12:54:46.320  1407 10973 E GmsTaskScheduler: sendWakeUpEvent called on SchedulerClientBroadcastStrategy
04-27 12:54:46.321  1407 10973 E WakeLock: GCM_HB_ALARM release without a matched acquire!
04-27 12:54:46.445  1407 10992 E GmsTaskScheduler: sendWakeUpEvent called on SchedulerClientBroadcastStrategy
04-27 12:54:46.735  2317  2326 I earchbox:searc: CollectorTransition concurrent copying GC freed 18079(949KB) AllocSpace objects, 0(0B) LOS objects, 49% free, 12MB/25MB, paused 13.474ms,350us total 7.611s
04-27 12:54:46.950 12501 12501 W ample.lunchtra: Accessing hidden method Landroid/view/View;->computeFitSystemWindows(Landroid/graphics/Rect;Landroid/graphics/Rect;)Z (unsupported, reflection, allowed)
04-27 12:54:46.954 12501 12501 W ample.lunchtra: Accessing hidden method Landroid/view/ViewGroup;->makeOptionalFitsSystemWindows()V (unsupported, reflection, allowed)
04-27 12:54:47.049 12501 12501 D LifecycleMonitor: Lifecycle status change: com.example.lunchtray.MainActivity@dc44426 in: CREATED
04-27 12:54:47.051 12501 12501 V ActivityScenario: Activity lifecycle changed event received but ignored because the intent does not match. startActivityIntent=Intent { act=android.intent.action.MAIN cat=[android.intent.category.LAUNCHER] cmp=com.example.lunchtray/androidx.fragment.app.testing.FragmentScenario$EmptyFragmentActivity (has extras) }, activity.getIntent()=Intent { act=android.intent.action.MAIN cat=[android.intent.category.LAUNCHER] cmp=com.example.lunchtray/.MainActivity }, activity=com.example.lunchtray.MainActivity@dc44426
04-27 12:54:47.052 12501 12501 V ActivityScenario: Update currentActivityStage to CREATED, currentActivity=com.example.lunchtray.MainActivity@dc44426
04-27 12:54:47.197 12501 12501 D LifecycleMonitor: Lifecycle status change: com.example.lunchtray.MainActivity@dc44426 in: STARTED
04-27 12:54:47.198 12501 12501 V ActivityScenario: Activity lifecycle changed event received but ignored because the intent does not match. startActivityIntent=Intent { act=android.intent.action.MAIN cat=[android.intent.category.LAUNCHER] cmp=com.example.lunchtray/androidx.fragment.app.testing.FragmentScenario$EmptyFragmentActivity (has extras) }, activity.getIntent()=Intent { act=android.intent.action.MAIN cat=[android.intent.category.LAUNCHER] cmp=com.example.lunchtray/.MainActivity }, activity=com.example.lunchtray.MainActivity@dc44426
04-27 12:54:47.198 12501 12501 V ActivityScenario: Update currentActivityStage to STARTED, currentActivity=com.example.lunchtray.MainActivity@dc44426
04-27 12:54:47.204 12501 12501 D LifecycleMonitor: Lifecycle status change: com.example.lunchtray.MainActivity@dc44426 in: RESUMED
04-27 12:54:47.205 12501 12501 V ActivityScenario: Activity lifecycle changed event received but ignored because the intent does not match. startActivityIntent=Intent { act=android.intent.action.MAIN cat=[android.intent.category.LAUNCHER] cmp=com.example.lunchtray/androidx.fragment.app.testing.FragmentScenario$EmptyFragmentActivity (has extras) }, activity.getIntent()=Intent { act=android.intent.action.MAIN cat=[android.intent.category.LAUNCHER] cmp=com.example.lunchtray/.MainActivity }, activity=com.example.lunchtray.MainActivity@dc44426
04-27 12:54:47.206 12501 12501 V ActivityScenario: Update currentActivityStage to RESUMED, currentActivity=com.example.lunchtray.MainActivity@dc44426
04-27 12:54:47.312   366   409 D goldfish-address-space: claimShared: Ask to claim region [0x3f89a4000 0x3f9348000]
04-27 12:54:47.327   366   409 D goldfish-address-space: claimShared: Ask to claim region [0x3fb034000 0x3fb9d8000]
04-27 12:54:47.333   366   409 D goldfish-address-space: claimShared: Ask to claim region [0x3f9348000 0x3f9cec000]
04-27 12:54:47.435   583   631 I ActivityTaskManager: Displayed com.example.lunchtray/.MainActivity: +2s969ms
04-27 12:54:47.557  1708  1708 I GoogleInputMethodService: GoogleInputMethodService.onFinishInput():3420
04-27 12:54:47.565  1708  1708 I GoogleInputMethodService: GoogleInputMethodService.onStartInput():2002
04-27 12:54:47.578  1708  1708 I DeviceUnlockedTag: DeviceUnlockedTag.notifyDeviceLockStatusChanged():31 Notify device unlocked.
04-27 12:54:47.608 12501 12501 I ViewInteraction: Performing 'single click' action on view view.getId() is <2131231208/com.example.lunchtray:id/start_order_btn>
04-27 12:54:47.742   583  3021 W InputManager-JNI: Input channel object '5583dc0 Splash Screen com.example.lunchtray (client)' was disposed without first being removed with the input manager!
04-27 12:54:47.778 12501 12501 D LifecycleMonitor: Lifecycle status change: androidx.test.core.app.InstrumentationActivityInvoker$BootstrapActivity@b89b250 in: STOPPED
04-27 12:54:47.779 12501 12501 V ActivityScenario: Activity lifecycle changed event received but ignored because the intent does not match. startActivityIntent=Intent { act=android.intent.action.MAIN cat=[android.intent.category.LAUNCHER] cmp=com.example.lunchtray/androidx.fragment.app.testing.FragmentScenario$EmptyFragmentActivity (has extras) }, activity.getIntent()=Intent { act=android.intent.action.MAIN cat=[android.intent.category.LAUNCHER] flg=0x10008000 cmp=com.example.lunchtray/androidx.test.core.app.InstrumentationActivityInvoker$BootstrapActivity (has extras) }, activity=androidx.test.core.app.InstrumentationActivityInvoker$BootstrapActivity@b89b250
04-27 12:54:47.785 12501 12501 V ActivityScenario: Activity lifecycle changed event received but ignored because the intent does not match. startActivityIntent=Intent { act=android.intent.action.MAIN cat=[android.intent.category.LAUNCHER] cmp=com.example.lunchtray/.MainActivity }, activity.getIntent()=Intent { act=android.intent.action.MAIN cat=[android.intent.category.LAUNCHER] flg=0x10008000 cmp=com.example.lunchtray/androidx.test.core.app.InstrumentationActivityInvoker$BootstrapActivity (has extras) }, activity=androidx.test.core.app.InstrumentationActivityInvoker$BootstrapActivity@b89b250
04-27 12:54:48.547 12501 12534 D EGL_emulation: app_time_stats: avg=32.49ms min=7.59ms max=230.87ms count=29
04-27 12:54:48.781 12501 12501 I ViewInteraction: Performing 'single click' action on view view.getId() is <2131230844/com.example.lunchtray:id/cauliflower>
04-27 12:54:48.871   415   530 D AudioFlinger: mixer(0x7e8607266a70) throttle end: throttle time(40)
04-27 12:54:49.190 12501 12501 I ViewInteraction: Performing 'single click' action on view view.getId() is <2131231081/com.example.lunchtray:id/next_button>
04-27 12:54:49.554 12501 12534 D EGL_emulation: app_time_stats: avg=21.81ms min=8.07ms max=235.07ms count=37
04-27 12:54:49.857 12501 12501 I ViewInteraction: Performing 'single click' action on view view.getId() is <2131231187/com.example.lunchtray:id/soup>
04-27 12:54:50.260 12501 12501 I ViewInteraction: Performing 'single click' action on view view.getId() is <2131231081/com.example.lunchtray:id/next_button>
04-27 12:54:50.563 12501 12534 D EGL_emulation: app_time_stats: avg=19.10ms min=7.31ms max=236.79ms count=41
04-27 12:54:50.894 12501 12501 I ViewInteraction: Performing 'single click' action on view view.getId() is <2131230835/com.example.lunchtray:id/bread>
04-27 12:54:51.292 12501 12501 I ViewInteraction: Performing 'single click' action on view view.getId() is <2131230842/com.example.lunchtray:id/cancel_button>
04-27 12:54:51.588 12501 12534 D EGL_emulation: app_time_stats: avg=20.07ms min=6.32ms max=238.65ms count=40
04-27 12:54:51.841 12501 12501 I ViewInteraction: Performing 'single click' action on view view.getId() is <2131231208/com.example.lunchtray:id/start_order_btn>
04-27 12:54:52.049  1019  1093 D EGL_emulation: app_time_stats: avg=49085.79ms min=49085.79ms max=49085.79ms count=1
04-27 12:54:52.425 12501 12501 I ViewInteraction: Checking 'MatchesViewAssertion{viewMatcher=(view has effective visibility <VISIBLE> and view.getGlobalVisibleRect() to return non-empty rectangle)}' assertion on view an instance of android.widget.TextView and view.getText() with or without transformation to match: is "Subtotal: $0.00"
04-27 12:54:52.430 12501 12532 I TestRunner: finished: order_reset_after_cancel_from_accompaniment_menu(com.example.lunchtray.OrderFunctionalityTests)
