04-27 12:55:27.522 12501 12532 I TestRunner: started: radio_buttons_update_entree_menu_subtotal(com.example.lunchtray.OrderFunctionalityTests)
04-27 12:55:27.524   583  2024 W InputManager-JNI: Input channel object '6899b0 com.example.lunchtray/com.example.lunchtray.MainActivity (client)' was disposed without first being removed with the input manager!
04-27 12:55:27.580 12501 12532 W Settings: Setting always_finish_activities has moved from android.provider.Settings.System to android.provider.Settings.Global, returning read-only value.
04-27 12:55:27.641  1019  1083 D SplashScreenView: Build android.window.SplashScreenView{2d04e08 V.E...... ......ID 0,0-0,0}
04-27 12:55:27.641  1019  1083 D SplashScreenView: Icon: view: null drawable: null size: 0
04-27 12:55:27.641  1019  1083 D SplashScreenView: Branding: view: android.view.View{ca7d9a1 G.ED..... ......I. 0,0-0,0 #10204a6 android:id/splashscreen_branding_view} drawable: null size w: 0 h: 0
04-27 12:55:27.683 12501 12501 D LifecycleMonitor: Lifecycle status change: androidx.test.core.app.InstrumentationActivityInvoker$BootstrapActivity@d29cdb8 in: PRE_ON_CREATE
04-27 12:55:27.685 12501 12501 V ActivityScenario: Activity lifecycle changed event received but ignored because the intent does not match. startActivityIntent=Intent { act=android.intent.action.MAIN cat=[android.intent.category.LAUNCHER] cmp=com.example.lunchtray/androidx.fragment.app.testing.FragmentScenario$EmptyFragmentActivity (has extras) }, activity.getIntent()=Intent { act=android.intent.action.MAIN cat=[android.intent.category.LAUNCHER] flg=0x10008000 cmp=com.example.lunchtray/androidx.test.core.app.InstrumentationActivityInvoker$BootstrapActivity (has extras) }, activity=androidx.test.core.app.InstrumentationActivityInvoker$BootstrapActivity@d29cdb8
04-27 12:55:27.708   366   413 D goldfish-address-space: claimShared: Ask to claim region [0x3f0000000 0x3f09a4000]
04-27 12:55:27.717   366   413 D goldfish-address-space: claimShared: Ask to claim region [0x3f8000000 0x3f89a4000]
04-27 12:55:27.725 12501 12501 D LifecycleMonitor: Lifecycle status change: androidx.test.core.app.InstrumentationActivityInvoker$BootstrapActivity@d29cdb8 in: CREATED
04-27 12:55:27.725 12501 12501 V ActivityScenario: Activity lifecycle changed event received but ignored because the intent does not match. startActivityIntent=Intent { act=android.intent.action.MAIN cat=[android.intent.category.LAUNCHER] cmp=com.example.lunchtray/androidx.fragment.app.testing.FragmentScenario$EmptyFragmentActivity (has extras) }, activity.getIntent()=Intent { act=android.intent.action.MAIN cat=[android.intent.category.LAUNCHER] flg=0x10008000 cmp=com.example.lunchtray/androidx.test.core.app.InstrumentationActivityInvoker$BootstrapActivity (has extras) }, activity=androidx.test.core.app.InstrumentationActivityInvoker$BootstrapActivity@d29cdb8
04-27 12:55:27.736   366   413 D goldfish-address-space: claimShared: Ask to claim region [0x3f89a4000 0x3f9348000]
04-27 12:55:27.739 12501 12501 D LifecycleMonitor: Lifecycle status change: androidx.test.core.app.InstrumentationActivityInvoker$BootstrapActivity@d29cdb8 in: STARTED
04-27 12:55:27.744 12501 12501 V ActivityScenario: Activity lifecycle changed event received but ignored because the intent does not match. startActivityIntent=Intent { act=android.intent.action.MAIN cat=[android.intent.category.LAUNCHER] cmp=com.example.lunchtray/androidx.fragment.app.testing.FragmentScenario$EmptyFragmentActivity (has extras) }, activity.getIntent()=Intent { act=android.intent.action.MAIN cat=[android.intent.category.LAUNCHER] flg=0x10008000 cmp=com.example.lunchtray/androidx.test.core.app.InstrumentationActivityInvoker$BootstrapActivity (has extras) }, activity=androidx.test.core.app.InstrumentationActivityInvoker$BootstrapActivity@d29cdb8
04-27 12:55:27.755  2124  2124 I GsaVoiceInteractionSrv: Handling ACTION_STOP_HOTWORD
04-27 12:55:27.756  2124  2124 E HwDetectorWithState: a: 3
04-27 12:55:27.779 12501 12501 D LifecycleMonitor: Lifecycle status change: androidx.test.core.app.InstrumentationActivityInvoker$BootstrapActivity@d29cdb8 in: RESUMED
04-27 12:55:27.780 12501 12501 V ActivityScenario: Activity lifecycle changed event received but ignored because the intent does not match. startActivityIntent=Intent { act=android.intent.action.MAIN cat=[android.intent.category.LAUNCHER] cmp=com.example.lunchtray/androidx.fragment.app.testing.FragmentScenario$EmptyFragmentActivity (has extras) }, activity.getIntent()=Intent { act=android.intent.action.MAIN cat=[android.intent.category.LAUNCHER] flg=0x10008000 cmp=com.example.lunchtray/androidx.test.core.app.InstrumentationActivityInvoker$BootstrapActivity (has extras) }, activity=androidx.test.core.app.InstrumentationActivityInvoker$BootstrapActivity@d29cdb8
04-27 12:55:27.808 12501 12501 D LifecycleMonitor: Lifecycle status change: androidx.test.core.app.InstrumentationActivityInvoker$BootstrapActivity@d29cdb8 in: PAUSED
04-27 12:55:27.809 12501 12501 V ActivityScenario: Activity lifecycle changed event received but ignored because the intent does not match. startActivityIntent=Intent { act=android.intent.action.MAIN cat=[android.intent.category.LAUNCHER] cmp=com.example.lunchtray/androidx.fragment.app.testing.FragmentScenario$EmptyFragmentActivity (has extras) }, activity.getIntent()=Intent { act=android.intent.action.MAIN cat=[android.intent.category.LAUNCHER] flg=0x10008000 cmp=com.example.lunchtray/androidx.test.core.app.InstrumentationActivityInvoker$BootstrapActivity (has extras) }, activity=androidx.test.core.app.InstrumentationActivityInvoker$BootstrapActivity@d29cdb8
04-27 12:55:27.903  2317  2317 I A       : onApplyWindowInsets: systemWindowInsets=Insets{left=0, top=145, right=0, bottom=132}
04-27 12:55:27.905  2317  2317 I A       : onApplyWindowInsets: Adjusting for display cutouts. Safe insets: left=0, top=136, right=0, bottom=0
04-27 12:55:27.924  2317  2317 I A       : onApplyWindowInsets: systemWindowInsets=Insets{left=0, top=145, right=0, bottom=132}
04-27 12:55:27.942 12501 12501 D LifecycleMonitor: Lifecycle status change: androidx.fragment.app.testing.FragmentScenario$EmptyFragmentActivity@8bad77e in: PRE_ON_CREATE
04-27 12:55:27.942 12501 12501 V ActivityScenario: Activity lifecycle changed event received but ignored because the reported transition was not ON_CREATE while the last known transition was PRE_ON_CREATE
04-27 12:55:27.980 12501 12501 D LifecycleMonitor: Lifecycle status change: androidx.fragment.app.testing.FragmentScenario$EmptyFragmentActivity@8bad77e in: CREATED
04-27 12:55:27.981 12501 12501 V ActivityScenario: Update currentActivityStage to CREATED, currentActivity=androidx.fragment.app.testing.FragmentScenario$EmptyFragmentActivity@8bad77e
04-27 12:55:27.991 12501 12501 D LifecycleMonitor: Lifecycle status change: androidx.fragment.app.testing.FragmentScenario$EmptyFragmentActivity@8bad77e in: STARTED
04-27 12:55:27.991 12501 12501 V ActivityScenario: Update currentActivityStage to STARTED, currentActivity=androidx.fragment.app.testing.FragmentScenario$EmptyFragmentActivity@8bad77e
04-27 12:55:28.001 12501 12501 D LifecycleMonitor: Lifecycle status change: androidx.fragment.app.testing.FragmentScenario$EmptyFragmentActivity@8bad77e in: RESUMED
04-27 12:55:28.004 12501 12501 V ActivityScenario: Update currentActivityStage to RESUMED, currentActivity=androidx.fragment.app.testing.FragmentScenario$EmptyFragmentActivity@8bad77e
04-27 12:55:28.071   366   413 D goldfish-address-space: claimShared: Ask to claim region [0x3f0fd0000 0x3f1974000]
04-27 12:55:28.083   366   413 D goldfish-address-space: claimShared: Ask to claim region [0x3f1974000 0x3f2318000]
04-27 12:55:28.121   366   413 D goldfish-address-space: claimShared: Ask to claim region [0x3f2318000 0x3f2cbc000]
04-27 12:55:28.172  1019  1093 D EGL_emulation: app_time_stats: avg=62.55ms min=4.08ms max=562.66ms count=15
04-27 12:55:28.447 12501 12501 D LifecycleMonitor: Lifecycle status change: androidx.test.core.app.InstrumentationActivityInvoker$BootstrapActivity@d29cdb8 in: STOPPED
04-27 12:55:28.449 12501 12501 V ActivityScenario: Activity lifecycle changed event received but ignored because the intent does not match. startActivityIntent=Intent { act=android.intent.action.MAIN cat=[android.intent.category.LAUNCHER] cmp=com.example.lunchtray/androidx.fragment.app.testing.FragmentScenario$EmptyFragmentActivity (has extras) }, activity.getIntent()=Intent { act=android.intent.action.MAIN cat=[android.intent.category.LAUNCHER] flg=0x10008000 cmp=com.example.lunchtray/androidx.test.core.app.InstrumentationActivityInvoker$BootstrapActivity (has extras) }, activity=androidx.test.core.app.InstrumentationActivityInvoker$BootstrapActivity@d29cdb8
04-27 12:55:28.548  1708  1708 I GoogleInputMethodService: GoogleInputMethodService.onFinishInput():3420
04-27 12:55:28.550  1708  1708 I GoogleInputMethodService: GoogleInputMethodService.onStartInput():2002
04-27 12:55:28.575  1708  1708 I DeviceUnlockedTag: DeviceUnlockedTag.notifyDeviceLockStatusChanged():31 Notify device unlocked.
04-27 12:55:28.648   583  3021 W InputManager-JNI: Input channel object '803bde9 Splash Screen com.example.lunchtray (client)' was disposed without first being removed with the input manager!
04-27 12:55:28.665 12501 12501 I ViewInteraction: Performing 'single click' action on view view.getId() is <2131230844/com.example.lunchtray:id/cauliflower>
04-27 12:55:29.117 12501 12501 I ViewInteraction: Checking 'MatchesViewAssertion{viewMatcher=an instance of android.widget.TextView and view.getText() with or without transformation to match: a string containing "Subtotal: $7.00"}' assertion on view view.getId() is <2131231217/com.example.lunchtray:id/subtotal>
04-27 12:55:29.144 12501 12501 I ViewInteraction: Performing 'single click' action on view view.getId() is <2131230858/com.example.lunchtray:id/chili>
04-27 12:55:29.221  1019  1093 D EGL_emulation: app_time_stats: avg=22.91ms min=5.33ms max=84.13ms count=29
04-27 12:55:29.606 12501 12534 D EGL_emulation: app_time_stats: avg=33.95ms min=9.51ms max=414.97ms count=33
04-27 12:55:29.807 12501 12501 I ViewInteraction: Checking 'MatchesViewAssertion{viewMatcher=an instance of android.widget.TextView and view.getText() with or without transformation to match: a string containing "Subtotal: $4.00"}' assertion on view view.getId() is <2131231217/com.example.lunchtray:id/subtotal>
04-27 12:55:29.820 12501 12501 I ViewInteraction: Performing 'single click' action on view view.getId() is <2131231106/com.example.lunchtray:id/pasta>
04-27 12:55:29.985   415   530 D AudioFlinger: mixer(0x7e8607266a70) throttle end: throttle time(21)
04-27 12:55:30.401 12501 12501 I ViewInteraction: Checking 'MatchesViewAssertion{viewMatcher=an instance of android.widget.TextView and view.getText() with or without transformation to match: a string containing "Subtotal: $5.50"}' assertion on view view.getId() is <2131231217/com.example.lunchtray:id/subtotal>
04-27 12:55:30.425 12501 12501 I ViewInteraction: Performing 'single click' action on view view.getId() is <2131231175/com.example.lunchtray:id/skillet>
04-27 12:55:30.615 12501 12534 D EGL_emulation: app_time_stats: avg=14.20ms min=7.09ms max=38.58ms count=48
04-27 12:55:30.861 12501 12501 I ViewInteraction: Checking 'MatchesViewAssertion{viewMatcher=an instance of android.widget.TextView and view.getText() with or without transformation to match: a string containing "Subtotal: $5.50"}' assertion on view view.getId() is <2131231217/com.example.lunchtray:id/subtotal>
04-27 12:55:30.865 12501 12532 I TestRunner: finished: radio_buttons_update_entree_menu_subtotal(com.example.lunchtray.OrderFunctionalityTests)
